// Jest Snapshot v1, https://goo.gl/fbAQLP

exports[`authenticate should render authenticate component 1`] = `ShallowWrapper {}`;

exports[`logo should render Logo component 1`] = `ShallowWrapper {}`;
