// Jest Snapshot v1, https://goo.gl/fbAQLP

exports[`MyComponent should render correctly in "debug" mode 1`] = `ShallowWrapper {}`;

exports[`authenticate should render App component 1`] = `ShallowWrapper {}`;

exports[`authenticate should render authenticate component 1`] = `ShallowWrapper {}`;
